rm -rf results/figures/* results/tables/* results/logs/* data/processed/* manuscript/output 2>/dev/null || true
python3 scripts/phase01_feasibility_audit.py
dnet log error -7.339138e-13 -8.511859e-13 2.800000e+01
dnet log error -8.126246e-19 -nan 4.000000e+00
dnet log error -2.162587e-14 -2.767827e-14 1.600000e+01
dnet log error -6.647729e-13 -6.272398e-13 3.200000e+01
dnet log error -7.620045e-14 -nan 4.000000e+01
dnet log error -8.415359e-21 -nan 1.000000e+00
dnet log error -7.809355e-16 -1.038320e-15 1.400000e+01
dnet log error -1.608649e-12 -1.863371e-12 2.800000e+01
dnet log error -2.150833e-18 -nan 4.000000e+00
dnet log error -5.767958e-14 -7.328939e-14 1.600000e+01
dnet log error -1.429329e-12 -1.350932e-12 3.200000e+01
dnet log error -1.335765e-13 -nan 4.000000e+01
dnet log error -2.262442e-20 -nan 1.000000e+00
dnet log error -2.147896e-15 -2.832025e-15 1.400000e+01
dnet log error -8.209374e-13 -9.528655e-13 2.800000e+01
dnet log error -1.864455e-18 -nan 4.000000e+00
dnet log error -4.663628e-14 -5.967442e-14 1.600000e+01
dnet log error -7.252677e-13 -6.843565e-13 3.200000e+01
dnet log error -3.341310e-14 -nan 4.000000e+01
dnet log error -6.285716e-21 -nan 1.000000e+00
dnet log error -5.932527e-16 -7.885678e-16 1.400000e+01
dnet log error -7.377276e-13 -8.555788e-13 2.800000e+01
dnet log error -8.400099e-19 -nan 4.000000e+00
dnet log error -2.626124e-14 -3.361093e-14 1.600000e+01
dnet log error -7.478577e-13 -7.056336e-13 3.200000e+01
dnet log error -3.139176e-14 -nan 4.000000e+01
dnet log error -5.192575e-21 -nan 1.000000e+00
dnet log error -1.484436e-15 -1.973684e-15 1.400000e+01
dnet log error -1.695815e-12 -1.964296e-12 2.800000e+01
dnet log error -1.800517e-18 -nan 4.000000e+00
dnet log error -6.719907e-14 -8.536561e-14 1.600000e+01
dnet log error -1.683263e-12 -1.591024e-12 3.200000e+01
dnet log error -6.564808e-14 -nan 4.000000e+01
dnet log error -1.702288e-20 -nan 1.000000e+00
dnet log error -4.661510e-15 -6.144629e-15 1.400000e+01
dnet log error -8.242844e-13 -9.567209e-13 2.800000e+01
dnet log error -9.272014e-19 -nan 4.000000e+00
dnet log error -2.804562e-14 -3.588635e-14 1.600000e+01
dnet log error -8.150083e-13 -7.690350e-13 3.200000e+01
dnet log error -3.275866e-14 -nan 4.000000e+01
dnet log error -1.090083e-20 -nan 1.000000e+00
dnet log error -1.667979e-16 -2.217123e-16 1.400000e+01
dnet log error -1.698031e-12 -1.966807e-12 2.800000e+01
dnet log error -3.390083e-18 -nan 4.000000e+00
dnet log error -1.129596e-13 -1.434970e-13 1.600000e+01
dnet log error -1.487457e-12 -1.405948e-12 3.200000e+01
dnet log error -4.424965e-14 -nan 4.000000e+01
dnet log error -1.679470e-20 -nan 1.000000e+00
dnet log error -1.729714e-14 -2.280044e-14 1.400000e+01
dnet log error -9.080565e-13 -1.053926e-12 2.800000e+01
dnet log error -1.424626e-18 -nan 4.000000e+00
dnet log error -4.588860e-14 -5.870407e-14 1.600000e+01
dnet log error -7.909090e-13 -7.463360e-13 3.200000e+01
dnet log error -2.871596e-14 -nan 4.000000e+01
dnet log error -1.376019e-20 -nan 1.000000e+00
dnet log error -7.414903e-16 -9.853449e-16 1.400000e+01
dnet log error -6.582277e-13 -7.633567e-13 2.800000e+01
dnet log error -8.780301e-19 -nan 4.000000e+00
dnet log error -2.122897e-14 -2.717660e-14 1.600000e+01
dnet log error -5.899595e-13 -5.566199e-13 3.200000e+01
dnet log error -4.152015e-14 -nan 4.000000e+01
dnet log error -1.104477e-20 -nan 1.000000e+00
dnet log error -6.677257e-16 -8.880357e-16 1.400000e+01
dnet log error -9.042405e-13 -1.049534e-12 2.800000e+01
dnet log error -2.864457e-18 -nan 4.000000e+00
dnet log error -7.629675e-14 -9.760443e-14 1.600000e+01
dnet log error -7.037250e-13 -6.640654e-13 3.200000e+01
dnet log error -2.927373e-14 -nan 4.000000e+01
dnet log error -7.933175e-21 -nan 1.000000e+00
dnet log error -2.636899e-15 -3.504100e-15 1.400000e+01
dnet log error -6.548822e-13 -7.595004e-13 2.800000e+01
dnet log error -8.495028e-19 -nan 4.000000e+00
dnet log error -1.748318e-14 -2.238137e-14 1.600000e+01
dnet log error -5.244604e-13 -4.948222e-13 3.200000e+01
dnet log error -1.008355e-13 -nan 4.000000e+01
dnet log error -1.790175e-20 -nan 1.000000e+00
dnet log error -3.513068e-16 -4.672174e-16 1.400000e+01
dnet log error -1.610404e-12 -1.865357e-12 2.800000e+01
dnet log error -4.048771e-18 -nan 4.000000e+00
dnet log error -9.693949e-14 -1.231742e-13 1.600000e+01
dnet log error -1.262794e-12 -1.193531e-12 3.200000e+01
dnet log error -9.006184e-14 -nan 4.000000e+01
dnet log error -2.231573e-20 -nan 1.000000e+00
dnet log error -7.968346e-15 -1.050635e-14 1.400000e+01
dnet log error -9.167770e-13 -1.063269e-12 2.800000e+01
dnet log error -1.015100e-18 -nan 4.000000e+00
dnet log error -2.701420e-14 -3.457463e-14 1.600000e+01
dnet log error -8.304088e-13 -7.835238e-13 3.200000e+01
dnet log error -9.518668e-14 -nan 4.000000e+01
dnet log error -1.051214e-20 -nan 1.000000e+00
dnet log error -9.755146e-16 -1.297029e-15 1.400000e+01
dnet log error -1.584454e-12 -1.835344e-12 2.800000e+01
dnet log error -2.118483e-18 -nan 4.000000e+00
dnet log error -5.681203e-14 -7.218706e-14 1.600000e+01
dnet log error -1.407831e-12 -1.330613e-12 3.200000e+01
dnet log error -1.315674e-13 -nan 4.000000e+01
dnet log error -2.228413e-20 -nan 1.000000e+00
dnet log error -2.115590e-15 -2.789429e-15 1.400000e+01
dnet log error -9.982401e-13 -1.158662e-12 2.800000e+01
dnet log error -2.267133e-18 -nan 4.000000e+00
dnet log error -5.670860e-14 -7.256267e-14 1.600000e+01
dnet log error -8.819081e-13 -8.321611e-13 3.200000e+01
dnet log error -4.062953e-14 -nan 4.000000e+01
dnet log error -7.643280e-21 -nan 1.000000e+00
dnet log error -7.213810e-16 -9.588795e-16 1.400000e+01
dnet log error -9.215386e-13 -1.068754e-12 2.800000e+01
dnet log error -1.049305e-18 -nan 4.000000e+00
dnet log error -3.280445e-14 -4.198537e-14 1.600000e+01
dnet log error -9.341927e-13 -8.814481e-13 3.200000e+01
dnet log error -3.921328e-14 -nan 4.000000e+01
dnet log error -6.486349e-21 -nan 1.000000e+00
dnet log error -1.854296e-15 -2.465443e-15 1.400000e+01
dnet log error -1.677228e-12 -1.942767e-12 2.800000e+01
dnet log error -1.780783e-18 -nan 4.000000e+00
dnet log error -6.646256e-14 -8.442999e-14 1.600000e+01
dnet log error -1.664814e-12 -1.573586e-12 3.200000e+01
dnet log error -6.492856e-14 -nan 4.000000e+01
dnet log error -1.683631e-20 -nan 1.000000e+00
dnet log error -4.610418e-15 -6.077282e-15 1.400000e+01
dnet log error -1.002418e-12 -1.163475e-12 2.800000e+01
dnet log error -1.127576e-18 -nan 4.000000e+00
dnet log error -3.410648e-14 -4.364165e-14 1.600000e+01
dnet log error -9.911375e-13 -9.352291e-13 3.200000e+01
dnet log error -3.983804e-14 -nan 4.000000e+01
dnet log error -1.325658e-20 -nan 1.000000e+00
dnet log error -2.028441e-16 -2.696259e-16 1.400000e+01
dnet log error -1.679983e-12 -1.945902e-12 2.800000e+01
dnet log error -3.354049e-18 -nan 4.000000e+00
dnet log error -1.117590e-13 -1.419718e-13 1.600000e+01
dnet log error -1.471647e-12 -1.391004e-12 3.200000e+01
dnet log error -4.377932e-14 -nan 4.000000e+01
dnet log error -1.661619e-20 -nan 1.000000e+00
dnet log error -1.711328e-14 -2.255809e-14 1.400000e+01
dnet log error -1.091605e-12 -1.266959e-12 2.800000e+01
dnet log error -1.712590e-18 -nan 4.000000e+00
dnet log error -5.516420e-14 -7.057010e-14 1.600000e+01
dnet log error -9.507779e-13 -8.971951e-13 3.200000e+01
dnet log error -3.452040e-14 -nan 4.000000e+01
dnet log error -1.654158e-20 -nan 1.000000e+00
dnet log error -8.913699e-16 -1.184516e-15 1.400000e+01
dnet log error -8.376038e-13 -9.713819e-13 2.800000e+01
dnet log error -1.117305e-18 -nan 4.000000e+00
dnet log error -2.701416e-14 -3.458260e-14 1.600000e+01
dnet log error -7.507315e-13 -7.083065e-13 3.200000e+01
dnet log error -5.283496e-14 -nan 4.000000e+01
dnet log error -1.405462e-20 -nan 1.000000e+00
dnet log error -8.496902e-16 -1.130038e-15 1.400000e+01
dnet log error -1.086842e-12 -1.261476e-12 2.800000e+01
dnet log error -3.442902e-18 -nan 4.000000e+00
dnet log error -9.170402e-14 -1.173145e-13 1.600000e+01
dnet log error -8.458344e-13 -7.981659e-13 3.200000e+01
dnet log error -3.518523e-14 -nan 4.000000e+01
dnet log error -9.535191e-21 -nan 1.000000e+00
dnet log error -3.169392e-15 -4.211714e-15 1.400000e+01
dnet log error -8.334263e-13 -9.665671e-13 2.800000e+01
dnet log error -1.081107e-18 -nan 4.000000e+00
dnet log error -2.224972e-14 -2.848333e-14 1.600000e+01
dnedensity lookup: 3204 rows
phase1 done; gate: worth simulation (restricted regime: low altitude, low B)
t log error -6.674469e-13 -6.297283e-13 3.200000e+01
dnet log error -1.283268e-13 -nan 4.000000e+01
dnet log error -2.278240e-20 -nan 1.000000e+00
dnet log error -4.470855e-16 -5.945974e-16 1.400000e+01
dnet log error -1.586640e-12 -1.837830e-12 2.800000e+01
dnet log error -3.989023e-18 -nan 4.000000e+00
dnet log error -9.550896e-14 -1.213565e-13 1.600000e+01
dnet log error -1.244159e-12 -1.175918e-12 3.200000e+01
dnet log error -8.873280e-14 -nan 4.000000e+01
dnet log error -2.198642e-20 -nan 1.000000e+00
dnet log error -7.850758e-15 -1.035131e-14 1.400000e+01
python3 scripts/phase02_baseline_validation.py
                              check                                                      metric         value          tol  passed
     energy_conservation_j2_5orbits                                                  max |dE/E|  4.050375e-15 1.000000e-07    True
angmom_conservation_twobody_5orbits                                                  max |dh/h|  2.009865e-15 1.000000e-09    True
             convergence_rtol_1e-07                                           endpoint |dr| [m]  6.619417e-08          NaN    True
             convergence_rtol_1e-09                                           endpoint |dr| [m]  3.486373e-08          NaN    True
             convergence_rtol_1e-11                                           endpoint |dr| [m]  1.099013e-07          NaN    True
             circular_orbit_closure                            closure error [m] after 1 period  1.396477e-05 1.000000e-02    True
           j2_raan_rate_consistency                                         RAAN rate [deg/day] -5.002333e+00          NaN    True
           fastprop_vs_cowell_250km relative 10-day altitude-drop difference (drag-only, no J2)  8.083581e-02 1.000000e-01    True
             decay_scales_inverse_B                 drop(B=60)/drop(B=30) at 250 km storm, 30 d  5.000000e-01          NaN    True
GATE 2: PASS
python3 scripts/phase03_intervention_check.py
              model         expected       got  passed
      gaussian_peak         0.000381  0.000381    True
  gaussian_vertical         3.032653   3.03262    True
      tophat_inside              2.0       2.0    True
     tophat_outside              0.0       0.0    True
moving_static_equiv              1.5      True    True
 encounter_detected mean_rho_delta>0       0.0    True
    encounter_count              >=1         1    True
phase3: PASS
python3 scripts/phase04_populations.py
population: 2000, cases: 23
python3 scripts/phase05_spreading.py
              model  target_exposure  protected_exposure  selectivity_ratio  target_enc  protected_enc  target_tfrac  exposure_retention
          M0_static     6.652939e-17        5.013722e-17           3.538523           1              1      0.022222            1.000000
  M1_diffusion_weak     6.651609e-17        5.013361e-17           3.538070           1              1      0.022222            0.999800
   M1_diffusion_mod     6.523743e-17        4.977581e-17           3.495000           1              1      0.022222            0.980581
M1_diffusion_strong     5.622756e-17        4.660969e-17           3.216931           1              1      0.025000            0.845154
        M2_adv_diff     4.040285e-17        6.579417e-17           1.637545           1              1      0.022222            0.607293
      M2_adv_strong     6.088657e-19        1.363556e-17           0.119074           1              1      0.019444            0.009152
        M2_relax_1h     2.307705e-17        4.112172e-17           1.496503           1              1      0.022222            0.346870
       M2_relax_10m     1.403240e-18        3.922841e-18           0.953894           1              1      0.020833            0.021092
python3 scripts/phase06_outcomes.py
   scenario                 case  obj_type  delta_lifetime_d   delta_a_km  encounter_count  extra_deltav_ms
fixed_pulse  A_target_highAm_400    target          0.000000 8.376109e-06                1     4.318139e-06
   tracking  A_target_highAm_400    target          0.000000 1.444831e-02                2     7.454938e-03
fixed_pulse      A_protected_400 protected          0.000000 5.693664e-07                1     3.204656e-07
   tracking      A_protected_400 protected          0.000000 8.848474e-09                2     4.990554e-09
fixed_pulse B_target_compact_500    target          0.000000 6.163737e-08                1     3.407488e-08
   tracking B_target_compact_500    target          0.000000 1.042690e-04                2     5.766582e-05
fixed_pulse      B_protected_500 protected          0.000000 1.400531e-08                1     7.740027e-09
   tracking      B_protected_500 protected          0.000000 0.000000e+00                0    4.738263e-220
fixed_pulse            C_frag_00    target          0.000000 1.858644e-06                1     1.016968e-06
   tracking            C_frag_00    target          0.000000 3.584304e-03                2     1.962249e-03
fixed_pulse            C_frag_01    target          0.000000 1.892454e-06                1     1.042833e-06
   tracking            C_frag_01    target          0.000000 0.000000e+00                0     3.550878e-13
fixed_pulse            C_frag_02    target          0.000000 1.393654e-06                1     7.699667e-07
   tracking            C_frag_02    target          0.000000 0.000000e+00                0     1.190709e-38
fixed_pulse            C_frag_03    target          0.000000 7.095323e-07                1     3.927166e-07
   tracking            C_frag_03    target          0.000000 0.000000e+00                0     2.632580e-80
fixed_pulse            C_frag_04    target          0.000000 2.434726e-07                1     1.348585e-07
   tracking            C_frag_04    target          0.000000 0.000000e+00                0    2.187179e-138
fixed_pulse            C_frag_05    target          0.000000 9.751329e-08                1     5.414403e-08
   tracking            C_frag_05    target          0.000000 0.000000e+00                0     0.000000e+00
fixed_pulse            C_frag_06    target          0.000000 1.627086e-08                1     9.047313e-09
   tracking            C_frag_06    target          0.000000 0.000000e+00                0     0.000000e+00
fixed_pulse            C_frag_07    target          0.000000 1.741682e-09                1     9.771495e-10
   tracking            C_frag_07    target          0.000000 0.000000e+00                0     0.000000e+00
fixed_pulse            C_frag_08    target          0.000000 1.255103e-10                2     6.802096e-11
   tracking            C_frag_08    target          0.000000 0.000000e+00                0     0.000000e+00
fixed_pulse            C_frag_09    target          0.000000 3.092282e-11                2     1.549518e-11
   tracking            C_frag_09    target          0.000000 0.000000e+00                0     0.000000e+00
fixed_pulse      C_protected_450 protected          0.000000 2.013803e-08                1     1.124103e-08
   tracking      C_protected_450 protected          0.000000 0.000000e+00                0     0.000000e+00
fixed_pulse         D_target_550    target          0.000000 7.052768e-08                1     3.854618e-08
   tracking         D_target_550    target          0.000000 2.923120e-04                2     1.597715e-04
fixed_pulse      D_protected_550 protected          0.000000 5.963830e-08                1     3.264332e-08
   tracking      D_protected_550 protected          0.000000 0.000000e+00                0     1.287036e-84
fixed_pulse     E_target_400_i28    target          0.000000 3.001667e-06                1     1.653422e-06
   tracking     E_target_400_i28    target          0.000000 4.507973e-03                2     2.482002e-03
fixed_pulse  E_protected_400_i51 protected          0.000000 1.935496e-08                1     1.087554e-08
   tracking  E_protected_400_i51 protected          0.000000 1.187657e-05               29     6.678953e-06
fixed_pulse         F_target_750    target          0.000000 6.008122e-09                1     3.152324e-09
   tracking         F_target_750    target          0.000000 1.802635e-05                2     9.454826e-06
fixed_pulse      F_protected_750 protected          0.000000 2.671186e-09                1     1.402357e-09
   tracking      F_protected_750 protected          0.000000 0.000000e+00                0    7.261503e-227
fixed_pulse         G_target_250    target          0.000000 0.000000e+00                1     3.339503e-05
   tracking         G_target_250    target          5.948604 0.000000e+00                2     8.253384e-02
fixed_pulse      G_protected_250 protected          0.000000 1.890057e-05                1     9.179636e-06
   tracking      G_protected_250 protected          0.000000 0.000000e+00                0     3.419434e-82
python3 scripts/phase07_controls.py
           scenario pair  target_dv_ms  protected_dv_ms  selectivity_ratio
            uniform    A      0.007455     4.657404e-04       1.600671e+01
            uniform    D      0.000160     3.758638e-05       4.250781e+00
            uniform    E      0.002482     5.318802e-04       4.666471e+00
            uniform    G      0.082583     1.030873e-02       8.010943e+00
 localized_tracking    A      0.007455     4.990554e-09       1.493810e+06
 localized_tracking    D      0.000160     1.287036e-84       1.241391e+80
 localized_tracking    E      0.002482     6.678953e-06       3.716155e+02
 localized_tracking    G      0.082534     3.419434e-82       2.413670e+80
optimized_localized    A      0.007444     4.986500e-09       1.492833e+06
python3 scripts/phase08_timing.py
                                min       max      mean       std  spread_ratio
experiment                                                                     
fixed_pulse_bestcase_site  0.000002  0.000006  0.000004  0.000001      1.526551
tracking_4h_window         0.001225  0.001260  0.001241  0.000013      1.014979
python3 scripts/phase09_pareto.py
 delta_max  sigma_h_km  duration_s  target_dv_ms  protected_dv_ms  selectivity
       1.0        50.0     14400.0      0.000248     5.461345e-85 4.533761e+80
       2.0        50.0     14400.0      0.000495     1.092269e-84 4.533761e+80
       1.0        50.0     43200.0      0.000744     1.614574e-84 4.607813e+80
       5.0        50.0     14400.0      0.001238     2.730672e-84 4.533761e+80
       1.0        50.0     86400.0      0.001491     3.195178e-84 4.666153e+80
      10.0        50.0     14400.0      0.002476     5.461345e-84 4.533761e+80
       2.0        50.0     86400.0      0.002982     6.390356e-84 4.666149e+80
       5.0        50.0     43200.0      0.003720     8.072868e-84 4.607903e+80
      20.0        50.0     14400.0      0.004952     1.092269e-83 4.533761e+80
       5.0        50.0     86400.0      0.007454     1.597589e-83 4.665936e+80
      10.0        50.0     86400.0      0.014905     3.195178e-83 4.664914e+80
      20.0        50.0     86400.0      0.029781     6.390356e-83 4.660376e+80
      20.0       100.0     86400.0      0.029817     2.473169e-23 1.205617e+21
      20.0       200.0     86400.0      0.029826     1.996134e-08 1.494181e+06
      20.0       400.0     86400.0      0.029828     1.065483e-04 2.799490e+02
python3 scripts/phase10_uncertainty.py
/home/ubuntu/repos/thermosphere-debris-selective-decay/scripts/phase10_uncertainty.py:103: DeprecationWarning: `salib.sample.saltelli` will be removed in SALib 1.5.1 Please use `salib.sample.sobol`
  X = saltelli.sample(PROBLEM, N, calc_second_order=False)
     param            S1           ST      S1_conf      ST_conf
 delta_max  8.297428e-01 5.475046e-01 3.843512e-01 3.121505e-01
sigma_h_km  3.046831e-07 2.305659e-10 5.266105e-06 2.434598e-10
sigma_v_km -2.325766e-09 3.265299e-15 1.742200e-08 3.463669e-15
 rho_scale  2.802540e-02 2.938196e-02 9.281464e-02 1.509318e-02
   B_scale -1.520233e-02 1.454534e-02 5.393040e-02 6.904260e-03
duration_h  5.089365e-01 5.906214e-01 2.644242e-01 2.720150e-01
                  control                case  extra_deltav_ms  a_drop_km  encounter_count
      high_altitude_750km        F_target_750         0.000009   0.000162                4
      high_altitude_750km     F_protected_750         0.000002   0.000041                4
               high_B_200           neg_highB         0.000186   0.002966                4
near_identical_trajectory            neg_twin         0.000460   0.007405                4
           diffuse_3000km A_target_highAm_400         0.007455   0.118767                4
           diffuse_3000km     A_protected_400         0.000443   0.007376                4
                short_60s A_target_highAm_400         0.000006   0.105573                1
  poor_timing_fixed_pulse A_target_highAm_400         0.000000   0.105563                0
python3 scripts/phase11_scaling.py
              mean       std  count
regime                             
high      1.015003  0.016876    120
low       1.025388  0.032722    120
moderate  1.020585  0.024057    120
storm     1.014033  0.015833    120
slope=1.000 R2=0.9999
python3 scripts/phase12_classification.py
sigma_h_km         50.0      200.0     1000.0
regime   alt_km                              
high     250     0.222222  0.333333  0.666667
         300     0.222222  0.333333  0.666667
         400     0.222222  0.333333  0.666667
         500     0.222222  0.333333  0.666667
         600     0.222222  0.333333  0.666667
         750     0.222222  0.333333  0.666667
low      250     0.222222  0.333333  0.666667
         300     0.222222  0.333333  0.666667
         400     0.222222  0.333333  0.666667
         500     0.222222  0.333333  0.666667
         600     0.222222  0.333333  0.666667
         750     0.222222  0.333333  0.666667
moderate 250     0.222222  0.333333  0.666667
         300     0.222222  0.333333  0.666667
         400     0.222222  0.333333  0.666667
         500     0.222222  0.333333  0.666667
         600     0.222222  0.333333  0.666667
         750     0.222222  0.333333  0.666667
storm    250     0.222222  0.333333  0.666667
         300     0.222222  0.333333  0.666667
         400     0.222222  0.333333  0.666667
         500     0.222222  0.333333  0.666667
         600     0.222222  0.333333  0.666667
         750     0.222222  0.333333  0.666667
python3 scripts/phase13_results.py
master_results rows: 3448; figures written.
python3 scripts/build_manuscript.py
manuscript + supplement written
python3 scripts/qc_traceability.py
QC: all audits pass
